device: cuda | FROM_SCRATCH: True | DATA_DIR: ./data | N_EACH: 10 | GRU_ODE_EPOCHS: 55 | H_EPOCHS: 12
train 궤적 10,000개
norm_stats 생성 (seq 13 + scalar 22)
캐시 생성: 50,000 examples (real 10,000)
  GRU seed0 완료 (2.2min)
  GRU seed1 완료 (3.4min)
  GRU seed2 완료 (4.6min)
  GRU seed3 완료 (5.9min)
  GRU seed4 완료 (7.1min)
  GRU seed5 완료 (8.3min)
  GRU seed6 완료 (10.6min)
  GRU seed7 완료 (12.8min)
  GRU seed8 완료 (15.6min)
  GRU seed9 완료 (18.3min)
  ODE seed0 완료 (23.4min)
  ODE seed1 완료 (27.8min)
  ODE seed2 완료 (32.9min)
  ODE seed3 완료 (38.0min)
  ODE seed4 완료 (42.7min)
  ODE seed5 완료 (47.1min)
  ODE seed6 완료 (51.5min)
  ODE seed7 완료 (55.9min)
  ODE seed8 완료 (60.2min)
  ODE seed9 완료 (64.7min)
  H   seed0 완료 (75.5min)
  H   seed1 완료 (86.4min)
  H   seed2 완료 (97.5min)
  H   seed3 완료 (108.5min)
  H   seed4 완료 (119.4min)
  H   seed5 완료 (130.5min)
  H   seed6 완료 (141.4min)
  H   seed7 완료 (152.3min)
  H   seed8 완료 (163.2min)
  H   seed9 완료 (174.2min)
전체 학습 완료 (174.2min)
블렌드 30모델 (GRU+ODE+H)
저장: ./submission_GOH30.csv (10000, 4)
